[INFO] Scanning for projects...
[INFO] 
[INFO] ---------------------< com.ai-mall:mall-inventory >---------------------
[INFO] Building mall-inventory 1.0.0-SNAPSHOT
[INFO]   from pom.xml
[INFO] --------------------------------[ jar ]---------------------------------
[INFO] 
[INFO] --- enforcer:3.5.0:enforce (enforce-environment) @ mall-inventory ---
[INFO] Rule 0: org.apache.maven.enforcer.rules.version.RequireMavenVersion passed
[INFO] Rule 1: org.apache.maven.enforcer.rules.version.RequireJavaVersion passed
[INFO] 
[INFO] --- resources:3.3.1:resources (default-resources) @ mall-inventory ---
[INFO] Copying 4 resources from src\main\resources to target\classes
[INFO] 
[INFO] --- compiler:3.14.0:compile (default-compile) @ mall-inventory ---
[INFO] Recompiling the module because of added or removed source files.
[INFO] Compiling 26 source files with javac [debug parameters release 21] to target\classes
[INFO] 
[INFO] --- resources:3.3.1:testResources (default-testResources) @ mall-inventory ---
[INFO] Copying 1 resource from src\test\resources to target\test-classes
[INFO] 
[INFO] --- compiler:3.14.0:testCompile (default-testCompile) @ mall-inventory ---
[INFO] Recompiling the module because of changed dependency.
[INFO] Compiling 6 source files with javac [debug parameters release 21] to target\test-classes
[INFO] 
[INFO] --- surefire:3.5.2:test (default-test) @ mall-inventory ---
[INFO] Using auto detected provider org.apache.maven.surefire.junitplatform.JUnitPlatformProvider
[INFO] 
[INFO] -------------------------------------------------------
[INFO]  T E S T S
[INFO] -------------------------------------------------------
[INFO] Running com.ai.mall.inventory.domain.inventory.InventoryReservationTest
[INFO] Tests run: 4, Failures: 0, Errors: 0, Skipped: 0, Time elapsed: 0.062 s -- in com.ai.mall.inventory.domain.inventory.InventoryReservationTest
[INFO] Running com.ai.mall.inventory.domain.inventory.InventoryTest
[INFO] Tests run: 8, Failures: 0, Errors: 0, Skipped: 0, Time elapsed: 0.029 s -- in com.ai.mall.inventory.domain.inventory.InventoryTest
[INFO] Running com.ai.mall.inventory.interfaces.rest.admin.InventoryAdminApiTest
00:51:28.212 [main] INFO org.springframework.test.context.support.AnnotationConfigContextLoaderUtils -- Could not detect default configuration classes for test class [com.ai.mall.inventory.interfaces.rest.admin.InventoryAdminApiTest]: InventoryAdminApiTest does not declare any static, non-private, non-final, nested classes annotated with @Configuration.
00:51:28.343 [main] INFO org.springframework.boot.test.context.SpringBootTestContextBootstrapper -- Found @SpringBootConfiguration com.ai.mall.inventory.MallInventoryApplication for test class com.ai.mall.inventory.interfaces.rest.admin.InventoryAdminApiTest

  .   ____          _            __ _ _
 /\\ / ___'_ __ _ _(_)_ __  __ _ \ \ \ \
( ( )\___ | '_ | '_| | '_ \/ _` | \ \ \ \
 \\/  ___)| |_)| | | | | || (_| |  ) ) ) )
  '  |____| .__|_| |_|_| |_\__, | / / / /
 =========|_|==============|___/=/_/_/_/

 :: Spring Boot ::               (v3.5.15)

2026-09-15 00:51:28.753 [main] INFO  [] c.a.m.i.i.r.admin.InventoryAdminApiTest - Starting InventoryAdminApiTest using Java 21.0.12 with PID 44448 (started by 2025 in D:\Desktop\ai-platform\implementation\ai-platform-backend\mall-services\mall-inventory)
2026-09-15 00:51:28.753 [main] INFO  [] c.a.m.i.i.r.admin.InventoryAdminApiTest - The following 1 profile is active: "test"
2026-09-15 00:51:29.738 [main] INFO  [] o.s.d.r.c.RepositoryConfigurationDelegate - Multiple Spring Data modules found, entering strict repository configuration mode
2026-09-15 00:51:29.740 [main] INFO  [] o.s.d.r.c.RepositoryConfigurationDelegate - Bootstrapping Spring Data Redis repositories in DEFAULT mode.
2026-09-15 00:51:29.765 [main] INFO  [] o.s.d.r.c.RepositoryConfigurationDelegate - Finished Spring Data repository scanning in 11 ms. Found 0 Redis repository interfaces.
2026-09-15 00:51:30.187 [main] INFO  [] o.s.cloud.context.scope.GenericScope - BeanFactory id=2e72ba52-05fd-3aae-94d8-70a8407b3ed3
2026-09-15 00:51:30.701 [main] INFO  [] com.zaxxer.hikari.HikariDataSource - HikariPool-1 - Starting...
2026-09-15 00:51:30.846 [main] INFO  [] com.zaxxer.hikari.pool.HikariPool - HikariPool-1 - Added connection conn0: url=jdbc:h2:mem:mall_inventory_test user=SA
2026-09-15 00:51:30.849 [main] INFO  [] com.zaxxer.hikari.HikariDataSource - HikariPool-1 - Start completed.
2026-09-15 00:51:30.918 [main] INFO  [] org.flywaydb.core.FlywayExecutor - Database: jdbc:h2:mem:mall_inventory_test (H2 2.3)
2026-09-15 00:51:30.956 [main] INFO  [] o.f.c.i.s.JdbcTableSchemaHistory - Schema history table "public"."flyway_schema_history" does not exist yet
2026-09-15 00:51:30.958 [main] INFO  [] o.f.core.internal.command.DbValidate - Successfully validated 2 migrations (execution time 00:00.017s)
2026-09-15 00:51:30.965 [main] INFO  [] o.f.c.i.s.JdbcTableSchemaHistory - Creating Schema History table "public"."flyway_schema_history" ...
2026-09-15 00:51:31.001 [main] INFO  [] o.f.core.internal.command.DbMigrate - Current version of schema "public": << Empty Schema >>
2026-09-15 00:51:31.009 [main] INFO  [] o.f.core.internal.command.DbMigrate - Migrating schema "public" to version "1 - create inventory stock and log"
2026-09-15 00:51:31.019 [main] INFO  [] o.f.core.internal.command.DbMigrate - Migrating schema "public" to version "2 - create inventory reservation"
2026-09-15 00:51:31.024 [main] INFO  [] o.f.core.internal.command.DbMigrate - Successfully applied 2 migrations to schema "public", now at version v2 (execution time 00:00.005s)
 _ _   |_  _ _|_. ___ _ |    _ 
| | |\/|_)(_| | |_\  |_)||_|_\ 
     /               |         
                        3.5.12 
2026-09-15 00:51:32.283 [main] INFO  [] c.b.m.e.s.MybatisPlusApplicationContextAware - Register ApplicationContext instances org.springframework.web.context.support.GenericWebApplicationContext@640dc4c6
2026-09-15 00:51:32.789 [main] INFO  [] o.s.b.t.m.w.SpringBootMockServletContext - Initializing Spring TestDispatcherServlet ''
2026-09-15 00:51:32.789 [main] INFO  [] o.s.t.web.servlet.TestDispatcherServlet - Initializing Servlet ''
2026-09-15 00:51:32.789 [main] INFO  [] o.s.t.web.servlet.TestDispatcherServlet - Completed initialization in 0 ms
2026-09-15 00:51:32.820 [main] INFO  [] c.a.m.i.i.r.admin.InventoryAdminApiTest - Started InventoryAdminApiTest in 4.372 seconds (process running for 5.31)
mvn : Mockito is currently self-attaching to enable the inline-mock-maker. This will no longer work in future releases 
of the JDK. Please add Mockito as an agent to your build as described in Mockito's documentation: https://javadoc.io/do
c/org.mockito/mockito-core/latest/org.mockito/org/mockito/Mockito.html#0.3
At line:15 char:2518
+ ... tform-backend; mvn -pl mall-services/mall-inventory test 2>&1 | Tee-O ...
+                    ~~~~~~~~~~~~~~~~~~~~~~~~~~~~~~~~~~~~~~~~~~~~~~
    + CategoryInfo          : NotSpecified: (Mockito is curr...ockito.html#0.3:String) [], RemoteException
    + FullyQualifiedErrorId : NativeCommandError
 
WARNING: A Java agent has been loaded dynamically (D:\maven-repository\net\bytebuddy\byte-buddy-agent\1.17.8\byte-buddy
-agent-1.17.8.jar)
WARNING: If a serviceability tool is in use, please run with -XX:+EnableDynamicAgentLoading to hide this warning
WARNING: If a serviceability tool is not in use, please run with -Djdk.instrument.traceUsage for more information
WARNING: Dynamic loading of agents will be disallowed by default in a future release
Java HotSpot(TM) 64-Bit Server VM warning: Sharing is only supported for boot loader classes because bootstrap classpat
h has been appended
[INFO] Tests run: 2, Failures: 0, Errors: 0, Skipped: 0, Time elapsed: 5.378 s -- in com.ai.mall.inventory.interfaces.rest.admin.InventoryAdminApiTest
[INFO] Running com.ai.mall.inventory.interfaces.rest.internal.InternalInventorySecurityTest
2026-09-15 00:51:33.488 [main] INFO  [] o.s.t.c.s.AnnotationConfigContextLoaderUtils - Could not detect default configuration classes for test class [com.ai.mall.inventory.interfaces.rest.internal.InternalInventorySecurityTest]: InternalInventorySecurityTest does not declare any static, non-private, non-final, nested classes annotated with @Configuration.
2026-09-15 00:51:33.505 [main] INFO  [] o.s.b.t.c.SpringBootTestContextBootstrapper - Found @SpringBootConfiguration com.ai.mall.inventory.MallInventoryApplication for test class com.ai.mall.inventory.interfaces.rest.internal.InternalInventorySecurityTest

  .   ____          _            __ _ _
 /\\ / ___'_ __ _ _(_)_ __  __ _ \ \ \ \
( ( )\___ | '_ | '_| | '_ \/ _` | \ \ \ \
 \\/  ___)| |_)| | | | | || (_| |  ) ) ) )
  '  |____| .__|_| |_|_| |_\__, | / / / /
 =========|_|==============|___/=/_/_/_/

 :: Spring Boot ::               (v3.5.15)

2026-09-15 00:51:33.543 [main] INFO  [] c.a.m.i.i.r.i.InternalInventorySecurityTest - Starting InternalInventorySecurityTest using Java 21.0.12 with PID 44448 (started by 2025 in D:\Desktop\ai-platform\implementation\ai-platform-backend\mall-services\mall-inventory)
2026-09-15 00:51:33.543 [main] INFO  [] c.a.m.i.i.r.i.InternalInventorySecurityTest - The following 1 profile is active: "test"
2026-09-15 00:51:33.713 [main] INFO  [] o.s.d.r.c.RepositoryConfigurationDelegate - Multiple Spring Data modules found, entering strict repository configuration mode
2026-09-15 00:51:33.713 [main] INFO  [] o.s.d.r.c.RepositoryConfigurationDelegate - Bootstrapping Spring Data Redis repositories in DEFAULT mode.
2026-09-15 00:51:33.721 [main] INFO  [] o.s.d.r.c.RepositoryConfigurationDelegate - Finished Spring Data repository scanning in 6 ms. Found 0 Redis repository interfaces.
2026-09-15 00:51:33.758 [main] INFO  [] o.s.cloud.context.scope.GenericScope - BeanFactory id=2e72ba52-05fd-3aae-94d8-70a8407b3ed3
2026-09-15 00:51:34.065 [main] INFO  [] com.zaxxer.hikari.HikariDataSource - HikariPool-2 - Starting...
2026-09-15 00:51:34.068 [main] INFO  [] com.zaxxer.hikari.pool.HikariPool - HikariPool-2 - Added connection conn10: url=jdbc:h2:mem:mall_inventory_test user=SA
2026-09-15 00:51:34.068 [main] INFO  [] com.zaxxer.hikari.HikariDataSource - HikariPool-2 - Start completed.
2026-09-15 00:51:34.070 [main] INFO  [] org.flywaydb.core.FlywayExecutor - Database: jdbc:h2:mem:mall_inventory_test (H2 2.3)
2026-09-15 00:51:34.079 [main] INFO  [] o.f.core.internal.command.DbValidate - Successfully validated 2 migrations (execution time 00:00.005s)
2026-09-15 00:51:34.081 [main] INFO  [] o.f.core.internal.command.DbMigrate - Current version of schema "public": 2
2026-09-15 00:51:34.082 [main] INFO  [] o.f.core.internal.command.DbMigrate - Schema "public" is up to date. No migration necessary.
 _ _   |_  _ _|_. ___ _ |    _ 
| | |\/|_)(_| | |_\  |_)||_|_\ 
     /               |         
                        3.5.12 
2026-09-15 00:51:34.583 [main] INFO  [] c.b.m.e.s.MybatisPlusApplicationContextAware - Register ApplicationContext instances org.springframework.web.context.support.GenericWebApplicationContext@24d998ba
2026-09-15 00:51:34.707 [main] INFO  [] o.s.b.t.m.w.SpringBootMockServletContext - Initializing Spring TestDispatcherServlet ''
2026-09-15 00:51:34.707 [main] INFO  [] o.s.t.web.servlet.TestDispatcherServlet - Initializing Servlet ''
2026-09-15 00:51:34.709 [main] INFO  [] o.s.t.web.servlet.TestDispatcherServlet - Completed initialization in 2 ms
2026-09-15 00:51:34.742 [main] INFO  [] c.a.m.i.i.r.i.InternalInventorySecurityTest - Started InternalInventorySecurityTest in 1.234 seconds (process running for 7.232)
[INFO] Tests run: 4, Failures: 0, Errors: 0, Skipped: 0, Time elapsed: 1.447 s -- in com.ai.mall.inventory.interfaces.rest.internal.InternalInventorySecurityTest
[INFO] Running com.ai.mall.inventory.MallInventoryApplicationSmokeTest
2026-09-15 00:51:34.938 [main] INFO  [] o.s.t.c.s.AnnotationConfigContextLoaderUtils - Could not detect default configuration classes for test class [com.ai.mall.inventory.MallInventoryApplicationSmokeTest]: MallInventoryApplicationSmokeTest does not declare any static, non-private, non-final, nested classes annotated with @Configuration.
2026-09-15 00:51:34.955 [main] INFO  [] o.s.b.t.c.SpringBootTestContextBootstrapper - Found @SpringBootConfiguration com.ai.mall.inventory.MallInventoryApplication for test class com.ai.mall.inventory.MallInventoryApplicationSmokeTest

  .   ____          _            __ _ _
 /\\ / ___'_ __ _ _(_)_ __  __ _ \ \ \ \
( ( )\___ | '_ | '_| | '_ \/ _` | \ \ \ \
 \\/  ___)| |_)| | | | | || (_| |  ) ) ) )
  '  |____| .__|_| |_|_| |_\__, | / / / /
 =========|_|==============|___/=/_/_/_/

 :: Spring Boot ::               (v3.5.15)

2026-09-15 00:51:35.006 [main] INFO  [] c.a.m.i.MallInventoryApplicationSmokeTest - Starting MallInventoryApplicationSmokeTest using Java 21.0.12 with PID 44448 (started by 2025 in D:\Desktop\ai-platform\implementation\ai-platform-backend\mall-services\mall-inventory)
2026-09-15 00:51:35.006 [main] INFO  [] c.a.m.i.MallInventoryApplicationSmokeTest - The following 1 profile is active: "test"
2026-09-15 00:51:35.301 [main] INFO  [] o.s.d.r.c.RepositoryConfigurationDelegate - Multiple Spring Data modules found, entering strict repository configuration mode
2026-09-15 00:51:35.301 [main] INFO  [] o.s.d.r.c.RepositoryConfigurationDelegate - Bootstrapping Spring Data Redis repositories in DEFAULT mode.
2026-09-15 00:51:35.316 [main] INFO  [] o.s.d.r.c.RepositoryConfigurationDelegate - Finished Spring Data repository scanning in 11 ms. Found 0 Redis repository interfaces.
2026-09-15 00:51:35.367 [main] INFO  [] o.s.cloud.context.scope.GenericScope - BeanFactory id=ab8b6e0c-fc93-3204-addd-65a058b68807
2026-09-15 00:51:35.417 [main] INFO  [] com.zaxxer.hikari.HikariDataSource - HikariPool-3 - Starting...
2026-09-15 00:51:35.418 [main] INFO  [] com.zaxxer.hikari.pool.HikariPool - HikariPool-3 - Added connection conn20: url=jdbc:h2:mem:mall_inventory_test user=SA
2026-09-15 00:51:35.418 [main] INFO  [] com.zaxxer.hikari.HikariDataSource - HikariPool-3 - Start completed.
2026-09-15 00:51:35.420 [main] INFO  [] org.flywaydb.core.FlywayExecutor - Database: jdbc:h2:mem:mall_inventory_test (H2 2.3)
2026-09-15 00:51:35.423 [main] INFO  [] o.f.core.internal.command.DbValidate - Successfully validated 2 migrations (execution time 00:00.002s)
2026-09-15 00:51:35.426 [main] INFO  [] o.f.core.internal.command.DbMigrate - Current version of schema "public": 2
2026-09-15 00:51:35.427 [main] INFO  [] o.f.core.internal.command.DbMigrate - Schema "public" is up to date. No migration necessary.
 _ _   |_  _ _|_. ___ _ |    _ 
| | |\/|_)(_| | |_\  |_)||_|_\ 
     /               |         
                        3.5.12 
2026-09-15 00:51:35.547 [main] INFO  [] c.b.m.e.s.MybatisPlusApplicationContextAware - Register ApplicationContext instances org.springframework.web.context.support.GenericWebApplicationContext@701dc5ad
2026-09-15 00:51:35.651 [main] INFO  [] c.a.m.i.MallInventoryApplicationSmokeTest - Started MallInventoryApplicationSmokeTest in 0.685 seconds (process running for 8.141)
[INFO] Tests run: 1, Failures: 0, Errors: 0, Skipped: 0, Time elapsed: 0.722 s -- in com.ai.mall.inventory.MallInventoryApplicationSmokeTest
[INFO] 
[INFO] Results:
[INFO] 
[INFO] Tests run: 19, Failures: 0, Errors: 0, Skipped: 0
[INFO] 
[INFO] ------------------------------------------------------------------------
[INFO] BUILD SUCCESS
[INFO] ------------------------------------------------------------------------
[INFO] Total time:  12.294 s
[INFO] Finished at: 2026-09-15T00:51:35+08:00
[INFO] ------------------------------------------------------------------------
